12:32:37 **** Build of configuration Debug for project DCworkbench_Hall ****
make -j4 all 
arm-none-eabi-gcc "C:/Users/gsavian/STM32CubeIDE/workspace_1.9.0/DCworkbench_Hall_nouart/MCSDK_v5.Y.4-Full/MotorControl/MCSDK/MCLib/Any/Src/bus_voltage_sensor.c" -mcpu=cortex-m4 -std=gnu11 -g3 -DDEBUG -DARM_MATH_CM4 -DUSE_HAL_DRIVER -DSTM32F302x8 -c -I../../Inc -I../../Drivers/STM32F3xx_HAL_Driver/Inc -I../../Drivers/STM32F3xx_HAL_Driver/Inc/Legacy -I../../MCSDK_v5.Y.4-Full/MotorControl/MCSDK/MCLib/Any/Inc -I../../MCSDK_v5.Y.4-Full/MotorControl/MCSDK/MCLib/F3xx/Inc -I../../Drivers/CMSIS/Device/ST/STM32F3xx/Include -I../../Drivers/CMSIS/Include -I../../Drivers/CMSIS/DSP/Include -Ofast -ffunction-sections -fdata-sections -Wall -fstack-usage -MMD -MP -MF"Middlewares/MotorControl/bus_voltage_sensor.d" -MT"Middlewares/MotorControl/bus_voltage_sensor.o" --specs=nano.specs -mfpu=fpv4-sp-d16 -mfloat-abi=hard -mthumb -o "Middlewares/MotorControl/bus_voltage_sensor.o"
arm-none-eabi-gcc "C:/Users/gsavian/STM32CubeIDE/workspace_1.9.0/DCworkbench_Hall_nouart/MCSDK_v5.Y.4-Full/MotorControl/MCSDK/MCLib/Any/Src/circle_limitation.c" -mcpu=cortex-m4 -std=gnu11 -g3 -DDEBUG -DARM_MATH_CM4 -DUSE_HAL_DRIVER -DSTM32F302x8 -c -I../../Inc -I../../Drivers/STM32F3xx_HAL_Driver/Inc -I../../Drivers/STM32F3xx_HAL_Driver/Inc/Legacy -I../../MCSDK_v5.Y.4-Full/MotorControl/MCSDK/MCLib/Any/Inc -I../../MCSDK_v5.Y.4-Full/MotorControl/MCSDK/MCLib/F3xx/Inc -I../../Drivers/CMSIS/Device/ST/STM32F3xx/Include -I../../Drivers/CMSIS/Include -I../../Drivers/CMSIS/DSP/Include -Ofast -ffunction-sections -fdata-sections -Wall -fstack-usage -MMD -MP -MF"Middlewares/MotorControl/circle_limitation.d" -MT"Middlewares/MotorControl/circle_limitation.o" --specs=nano.specs -mfpu=fpv4-sp-d16 -mfloat-abi=hard -mthumb -o "Middlewares/MotorControl/circle_limitation.o"
arm-none-eabi-gcc "C:/Users/gsavian/STM32CubeIDE/workspace_1.9.0/DCworkbench_Hall_nouart/MCSDK_v5.Y.4-Full/MotorControl/MCSDK/MCLib/Any/Src/digital_output.c" -mcpu=cortex-m4 -std=gnu11 -g3 -DDEBUG -DARM_MATH_CM4 -DUSE_HAL_DRIVER -DSTM32F302x8 -c -I../../Inc -I../../Drivers/STM32F3xx_HAL_Driver/Inc -I../../Drivers/STM32F3xx_HAL_Driver/Inc/Legacy -I../../MCSDK_v5.Y.4-Full/MotorControl/MCSDK/MCLib/Any/Inc -I../../MCSDK_v5.Y.4-Full/MotorControl/MCSDK/MCLib/F3xx/Inc -I../../Drivers/CMSIS/Device/ST/STM32F3xx/Include -I../../Drivers/CMSIS/Include -I../../Drivers/CMSIS/DSP/Include -Ofast -ffunction-sections -fdata-sections -Wall -fstack-usage -MMD -MP -MF"Middlewares/MotorControl/digital_output.d" -MT"Middlewares/MotorControl/digital_output.o" --specs=nano.specs -mfpu=fpv4-sp-d16 -mfloat-abi=hard -mthumb -o "Middlewares/MotorControl/digital_output.o"
arm-none-eabi-gcc "C:/Users/gsavian/STM32CubeIDE/workspace_1.9.0/DCworkbench_Hall_nouart/MCSDK_v5.Y.4-Full/MotorControl/MCSDK/MCLib/Any/Src/hall_speed_pos_fdbk.c" -mcpu=cortex-m4 -std=gnu11 -g3 -DDEBUG -DARM_MATH_CM4 -DUSE_HAL_DRIVER -DSTM32F302x8 -c -I../../Inc -I../../Drivers/STM32F3xx_HAL_Driver/Inc -I../../Drivers/STM32F3xx_HAL_Driver/Inc/Legacy -I../../MCSDK_v5.Y.4-Full/MotorControl/MCSDK/MCLib/Any/Inc -I../../MCSDK_v5.Y.4-Full/MotorControl/MCSDK/MCLib/F3xx/Inc -I../../Drivers/CMSIS/Device/ST/STM32F3xx/Include -I../../Drivers/CMSIS/Include -I../../Drivers/CMSIS/DSP/Include -Ofast -ffunction-sections -fdata-sections -Wall -fstack-usage -MMD -MP -MF"Middlewares/MotorControl/hall_speed_pos_fdbk.d" -MT"Middlewares/MotorControl/hall_speed_pos_fdbk.o" --specs=nano.specs -mfpu=fpv4-sp-d16 -mfloat-abi=hard -mthumb -o "Middlewares/MotorControl/hall_speed_pos_fdbk.o"
C:/Users/gsavian/STM32CubeIDE/workspace_1.9.0/DCworkbench_Hall_nouart/MCSDK_v5.Y.4-Full/MotorControl/MCSDK/MCLib/Any/Src/hall_speed_pos_fdbk.c: In function 'HALL_CalcAvrgMecSpeedUnit_speed':
C:/Users/gsavian/STM32CubeIDE/workspace_1.9.0/DCworkbench_Hall_nouart/MCSDK_v5.Y.4-Full/MotorControl/MCSDK/MCLib/Any/Src/hall_speed_pos_fdbk.c:401:8: warning: variable 'bReliability' set but not used [-Wunused-but-set-variable]
  401 |   bool bReliability;
      |        ^~~~~~~~~~~~
arm-none-eabi-gcc "C:/Users/gsavian/STM32CubeIDE/workspace_1.9.0/DCworkbench_Hall_nouart/MCSDK_v5.Y.4-Full/MotorControl/MCSDK/MCLib/Any/Src/motor_power_measurement.c" -mcpu=cortex-m4 -std=gnu11 -g3 -DDEBUG -DARM_MATH_CM4 -DUSE_HAL_DRIVER -DSTM32F302x8 -c -I../../Inc -I../../Drivers/STM32F3xx_HAL_Driver/Inc -I../../Drivers/STM32F3xx_HAL_Driver/Inc/Legacy -I../../MCSDK_v5.Y.4-Full/MotorControl/MCSDK/MCLib/Any/Inc -I../../MCSDK_v5.Y.4-Full/MotorControl/MCSDK/MCLib/F3xx/Inc -I../../Drivers/CMSIS/Device/ST/STM32F3xx/Include -I../../Drivers/CMSIS/Include -I../../Drivers/CMSIS/DSP/Include -Ofast -ffunction-sections -fdata-sections -Wall -fstack-usage -MMD -MP -MF"Middlewares/MotorControl/motor_power_measurement.d" -MT"Middlewares/MotorControl/motor_power_measurement.o" --specs=nano.specs -mfpu=fpv4-sp-d16 -mfloat-abi=hard -mthumb -o "Middlewares/MotorControl/motor_power_measurement.o"
arm-none-eabi-gcc "C:/Users/gsavian/STM32CubeIDE/workspace_1.9.0/DCworkbench_Hall_nouart/MCSDK_v5.Y.4-Full/MotorControl/MCSDK/MCLib/Any/Src/ntc_temperature_sensor.c" -mcpu=cortex-m4 -std=gnu11 -g3 -DDEBUG -DARM_MATH_CM4 -DUSE_HAL_DRIVER -DSTM32F302x8 -c -I../../Inc -I../../Drivers/STM32F3xx_HAL_Driver/Inc -I../../Drivers/STM32F3xx_HAL_Driver/Inc/Legacy -I../../MCSDK_v5.Y.4-Full/MotorControl/MCSDK/MCLib/Any/Inc -I../../MCSDK_v5.Y.4-Full/MotorControl/MCSDK/MCLib/F3xx/Inc -I../../Drivers/CMSIS/Device/ST/STM32F3xx/Include -I../../Drivers/CMSIS/Include -I../../Drivers/CMSIS/DSP/Include -Ofast -ffunction-sections -fdata-sections -Wall -fstack-usage -MMD -MP -MF"Middlewares/MotorControl/ntc_temperature_sensor.d" -MT"Middlewares/MotorControl/ntc_temperature_sensor.o" --specs=nano.specs -mfpu=fpv4-sp-d16 -mfloat-abi=hard -mthumb -o "Middlewares/MotorControl/ntc_temperature_sensor.o"
arm-none-eabi-gcc "C:/Users/gsavian/STM32CubeIDE/workspace_1.9.0/DCworkbench_Hall_nouart/MCSDK_v5.Y.4-Full/MotorControl/MCSDK/MCLib/Any/Src/open_loop.c" -mcpu=cortex-m4 -std=gnu11 -g3 -DDEBUG -DARM_MATH_CM4 -DUSE_HAL_DRIVER -DSTM32F302x8 -c -I../../Inc -I../../Drivers/STM32F3xx_HAL_Driver/Inc -I../../Drivers/STM32F3xx_HAL_Driver/Inc/Legacy -I../../MCSDK_v5.Y.4-Full/MotorControl/MCSDK/MCLib/Any/Inc -I../../MCSDK_v5.Y.4-Full/MotorControl/MCSDK/MCLib/F3xx/Inc -I../../Drivers/CMSIS/Device/ST/STM32F3xx/Include -I../../Drivers/CMSIS/Include -I../../Drivers/CMSIS/DSP/Include -Ofast -ffunction-sections -fdata-sections -Wall -fstack-usage -MMD -MP -MF"Middlewares/MotorControl/open_loop.d" -MT"Middlewares/MotorControl/open_loop.o" --specs=nano.specs -mfpu=fpv4-sp-d16 -mfloat-abi=hard -mthumb -o "Middlewares/MotorControl/open_loop.o"
arm-none-eabi-gcc "C:/Users/gsavian/STM32CubeIDE/workspace_1.9.0/DCworkbench_Hall_nouart/MCSDK_v5.Y.4-Full/MotorControl/MCSDK/MCLib/Any/Src/pid_regulator.c" -mcpu=cortex-m4 -std=gnu11 -g3 -DDEBUG -DARM_MATH_CM4 -DUSE_HAL_DRIVER -DSTM32F302x8 -c -I../../Inc -I../../Drivers/STM32F3xx_HAL_Driver/Inc -I../../Drivers/STM32F3xx_HAL_Driver/Inc/Legacy -I../../MCSDK_v5.Y.4-Full/MotorControl/MCSDK/MCLib/Any/Inc -I../../MCSDK_v5.Y.4-Full/MotorControl/MCSDK/MCLib/F3xx/Inc -I../../Drivers/CMSIS/Device/ST/STM32F3xx/Include -I../../Drivers/CMSIS/Include -I../../Drivers/CMSIS/DSP/Include -Ofast -ffunction-sections -fdata-sections -Wall -fstack-usage -MMD -MP -MF"Middlewares/MotorControl/pid_regulator.d" -MT"Middlewares/MotorControl/pid_regulator.o" --specs=nano.specs -mfpu=fpv4-sp-d16 -mfloat-abi=hard -mthumb -o "Middlewares/MotorControl/pid_regulator.o"
arm-none-eabi-gcc "C:/Users/gsavian/STM32CubeIDE/workspace_1.9.0/DCworkbench_Hall_nouart/MCSDK_v5.Y.4-Full/MotorControl/MCSDK/MCLib/Any/Src/pqd_motor_power_measurement.c" -mcpu=cortex-m4 -std=gnu11 -g3 -DDEBUG -DARM_MATH_CM4 -DUSE_HAL_DRIVER -DSTM32F302x8 -c -I../../Inc -I../../Drivers/STM32F3xx_HAL_Driver/Inc -I../../Drivers/STM32F3xx_HAL_Driver/Inc/Legacy -I../../MCSDK_v5.Y.4-Full/MotorControl/MCSDK/MCLib/Any/Inc -I../../MCSDK_v5.Y.4-Full/MotorControl/MCSDK/MCLib/F3xx/Inc -I../../Drivers/CMSIS/Device/ST/STM32F3xx/Include -I../../Drivers/CMSIS/Include -I../../Drivers/CMSIS/DSP/Include -Ofast -ffunction-sections -fdata-sections -Wall -fstack-usage -MMD -MP -MF"Middlewares/MotorControl/pqd_motor_power_measurement.d" -MT"Middlewares/MotorControl/pqd_motor_power_measurement.o" --specs=nano.specs -mfpu=fpv4-sp-d16 -mfloat-abi=hard -mthumb -o "Middlewares/MotorControl/pqd_motor_power_measurement.o"
arm-none-eabi-gcc "C:/Users/gsavian/STM32CubeIDE/workspace_1.9.0/DCworkbench_Hall_nouart/MCSDK_v5.Y.4-Full/MotorControl/MCSDK/MCLib/Any/Src/pwm_common.c" -mcpu=cortex-m4 -std=gnu11 -g3 -DDEBUG -DARM_MATH_CM4 -DUSE_HAL_DRIVER -DSTM32F302x8 -c -I../../Inc -I../../Drivers/STM32F3xx_HAL_Driver/Inc -I../../Drivers/STM32F3xx_HAL_Driver/Inc/Legacy -I../../MCSDK_v5.Y.4-Full/MotorControl/MCSDK/MCLib/Any/Inc -I../../MCSDK_v5.Y.4-Full/MotorControl/MCSDK/MCLib/F3xx/Inc -I../../Drivers/CMSIS/Device/ST/STM32F3xx/Include -I../../Drivers/CMSIS/Include -I../../Drivers/CMSIS/DSP/Include -Ofast -ffunction-sections -fdata-sections -Wall -fstack-usage -MMD -MP -MF"Middlewares/MotorControl/pwm_common.d" -MT"Middlewares/MotorControl/pwm_common.o" --specs=nano.specs -mfpu=fpv4-sp-d16 -mfloat-abi=hard -mthumb -o "Middlewares/MotorControl/pwm_common.o"
arm-none-eabi-gcc "C:/Users/gsavian/STM32CubeIDE/workspace_1.9.0/DCworkbench_Hall_nouart/MCSDK_v5.Y.4-Full/MotorControl/MCSDK/MCLib/F3xx/Src/r3_1_f30x_pwm_curr_fdbk.c" -mcpu=cortex-m4 -std=gnu11 -g3 -DDEBUG -DARM_MATH_CM4 -DUSE_HAL_DRIVER -DSTM32F302x8 -c -I../../Inc -I../../Drivers/STM32F3xx_HAL_Driver/Inc -I../../Drivers/STM32F3xx_HAL_Driver/Inc/Legacy -I../../MCSDK_v5.Y.4-Full/MotorControl/MCSDK/MCLib/Any/Inc -I../../MCSDK_v5.Y.4-Full/MotorControl/MCSDK/MCLib/F3xx/Inc -I../../Drivers/CMSIS/Device/ST/STM32F3xx/Include -I../../Drivers/CMSIS/Include -I../../Drivers/CMSIS/DSP/Include -Ofast -ffunction-sections -fdata-sections -Wall -fstack-usage -MMD -MP -MF"Middlewares/MotorControl/r3_1_f30x_pwm_curr_fdbk.d" -MT"Middlewares/MotorControl/r3_1_f30x_pwm_curr_fdbk.o" --specs=nano.specs -mfpu=fpv4-sp-d16 -mfloat-abi=hard -mthumb -o "Middlewares/MotorControl/r3_1_f30x_pwm_curr_fdbk.o"
arm-none-eabi-gcc "C:/Users/gsavian/STM32CubeIDE/workspace_1.9.0/DCworkbench_Hall_nouart/MCSDK_v5.Y.4-Full/MotorControl/MCSDK/MCLib/Any/Src/r_divider_bus_voltage_sensor.c" -mcpu=cortex-m4 -std=gnu11 -g3 -DDEBUG -DARM_MATH_CM4 -DUSE_HAL_DRIVER -DSTM32F302x8 -c -I../../Inc -I../../Drivers/STM32F3xx_HAL_Driver/Inc -I../../Drivers/STM32F3xx_HAL_Driver/Inc/Legacy -I../../MCSDK_v5.Y.4-Full/MotorControl/MCSDK/MCLib/Any/Inc -I../../MCSDK_v5.Y.4-Full/MotorControl/MCSDK/MCLib/F3xx/Inc -I../../Drivers/CMSIS/Device/ST/STM32F3xx/Include -I../../Drivers/CMSIS/Include -I../../Drivers/CMSIS/DSP/Include -Ofast -ffunction-sections -fdata-sections -Wall -fstack-usage -MMD -MP -MF"Middlewares/MotorControl/r_divider_bus_voltage_sensor.d" -MT"Middlewares/MotorControl/r_divider_bus_voltage_sensor.o" --specs=nano.specs -mfpu=fpv4-sp-d16 -mfloat-abi=hard -mthumb -o "Middlewares/MotorControl/r_divider_bus_voltage_sensor.o"
arm-none-eabi-gcc "C:/Users/gsavian/STM32CubeIDE/workspace_1.9.0/DCworkbench_Hall_nouart/MCSDK_v5.Y.4-Full/MotorControl/MCSDK/MCLib/Any/Src/ramp_ext_mngr.c" -mcpu=cortex-m4 -std=gnu11 -g3 -DDEBUG -DARM_MATH_CM4 -DUSE_HAL_DRIVER -DSTM32F302x8 -c -I../../Inc -I../../Drivers/STM32F3xx_HAL_Driver/Inc -I../../Drivers/STM32F3xx_HAL_Driver/Inc/Legacy -I../../MCSDK_v5.Y.4-Full/MotorControl/MCSDK/MCLib/Any/Inc -I../../MCSDK_v5.Y.4-Full/MotorControl/MCSDK/MCLib/F3xx/Inc -I../../Drivers/CMSIS/Device/ST/STM32F3xx/Include -I../../Drivers/CMSIS/Include -I../../Drivers/CMSIS/DSP/Include -Ofast -ffunction-sections -fdata-sections -Wall -fstack-usage -MMD -MP -MF"Middlewares/MotorControl/ramp_ext_mngr.d" -MT"Middlewares/MotorControl/ramp_ext_mngr.o" --specs=nano.specs -mfpu=fpv4-sp-d16 -mfloat-abi=hard -mthumb -o "Middlewares/MotorControl/ramp_ext_mngr.o"
arm-none-eabi-gcc "C:/Users/gsavian/STM32CubeIDE/workspace_1.9.0/DCworkbench_Hall_nouart/MCSDK_v5.Y.4-Full/MotorControl/MCSDK/MCLib/Any/Src/revup_ctrl.c" -mcpu=cortex-m4 -std=gnu11 -g3 -DDEBUG -DARM_MATH_CM4 -DUSE_HAL_DRIVER -DSTM32F302x8 -c -I../../Inc -I../../Drivers/STM32F3xx_HAL_Driver/Inc -I../../Drivers/STM32F3xx_HAL_Driver/Inc/Legacy -I../../MCSDK_v5.Y.4-Full/MotorControl/MCSDK/MCLib/Any/Inc -I../../MCSDK_v5.Y.4-Full/MotorControl/MCSDK/MCLib/F3xx/Inc -I../../Drivers/CMSIS/Device/ST/STM32F3xx/Include -I../../Drivers/CMSIS/Include -I../../Drivers/CMSIS/DSP/Include -Ofast -ffunction-sections -fdata-sections -Wall -fstack-usage -MMD -MP -MF"Middlewares/MotorControl/revup_ctrl.d" -MT"Middlewares/MotorControl/revup_ctrl.o" --specs=nano.specs -mfpu=fpv4-sp-d16 -mfloat-abi=hard -mthumb -o "Middlewares/MotorControl/revup_ctrl.o"
arm-none-eabi-gcc "C:/Users/gsavian/STM32CubeIDE/workspace_1.9.0/DCworkbench_Hall_nouart/MCSDK_v5.Y.4-Full/MotorControl/MCSDK/MCLib/Any/Src/speed_pos_fdbk.c" -mcpu=cortex-m4 -std=gnu11 -g3 -DDEBUG -DARM_MATH_CM4 -DUSE_HAL_DRIVER -DSTM32F302x8 -c -I../../Inc -I../../Drivers/STM32F3xx_HAL_Driver/Inc -I../../Drivers/STM32F3xx_HAL_Driver/Inc/Legacy -I../../MCSDK_v5.Y.4-Full/MotorControl/MCSDK/MCLib/Any/Inc -I../../MCSDK_v5.Y.4-Full/MotorControl/MCSDK/MCLib/F3xx/Inc -I../../Drivers/CMSIS/Device/ST/STM32F3xx/Include -I../../Drivers/CMSIS/Include -I../../Drivers/CMSIS/DSP/Include -Ofast -ffunction-sections -fdata-sections -Wall -fstack-usage -MMD -MP -MF"Middlewares/MotorControl/speed_pos_fdbk.d" -MT"Middlewares/MotorControl/speed_pos_fdbk.o" --specs=nano.specs -mfpu=fpv4-sp-d16 -mfloat-abi=hard -mthumb -o "Middlewares/MotorControl/speed_pos_fdbk.o"
arm-none-eabi-gcc "C:/Users/gsavian/STM32CubeIDE/workspace_1.9.0/DCworkbench_Hall_nouart/MCSDK_v5.Y.4-Full/MotorControl/MCSDK/MCLib/Any/Src/speed_torq_ctrl.c" -mcpu=cortex-m4 -std=gnu11 -g3 -DDEBUG -DARM_MATH_CM4 -DUSE_HAL_DRIVER -DSTM32F302x8 -c -I../../Inc -I../../Drivers/STM32F3xx_HAL_Driver/Inc -I../../Drivers/STM32F3xx_HAL_Driver/Inc/Legacy -I../../MCSDK_v5.Y.4-Full/MotorControl/MCSDK/MCLib/Any/Inc -I../../MCSDK_v5.Y.4-Full/MotorControl/MCSDK/MCLib/F3xx/Inc -I../../Drivers/CMSIS/Device/ST/STM32F3xx/Include -I../../Drivers/CMSIS/Include -I../../Drivers/CMSIS/DSP/Include -Ofast -ffunction-sections -fdata-sections -Wall -fstack-usage -MMD -MP -MF"Middlewares/MotorControl/speed_torq_ctrl.d" -MT"Middlewares/MotorControl/speed_torq_ctrl.o" --specs=nano.specs -mfpu=fpv4-sp-d16 -mfloat-abi=hard -mthumb -o "Middlewares/MotorControl/speed_torq_ctrl.o"
arm-none-eabi-gcc "C:/Users/gsavian/STM32CubeIDE/workspace_1.9.0/DCworkbench_Hall_nouart/MCSDK_v5.Y.4-Full/MotorControl/MCSDK/MCLib/Any/Src/virtual_speed_sensor.c" -mcpu=cortex-m4 -std=gnu11 -g3 -DDEBUG -DARM_MATH_CM4 -DUSE_HAL_DRIVER -DSTM32F302x8 -c -I../../Inc -I../../Drivers/STM32F3xx_HAL_Driver/Inc -I../../Drivers/STM32F3xx_HAL_Driver/Inc/Legacy -I../../MCSDK_v5.Y.4-Full/MotorControl/MCSDK/MCLib/Any/Inc -I../../MCSDK_v5.Y.4-Full/MotorControl/MCSDK/MCLib/F3xx/Inc -I../../Drivers/CMSIS/Device/ST/STM32F3xx/Include -I../../Drivers/CMSIS/Include -I../../Drivers/CMSIS/DSP/Include -Ofast -ffunction-sections -fdata-sections -Wall -fstack-usage -MMD -MP -MF"Middlewares/MotorControl/virtual_speed_sensor.d" -MT"Middlewares/MotorControl/virtual_speed_sensor.o" --specs=nano.specs -mfpu=fpv4-sp-d16 -mfloat-abi=hard -mthumb -o "Middlewares/MotorControl/virtual_speed_sensor.o"
arm-none-eabi-gcc "C:/Users/gsavian/STM32CubeIDE/workspace_1.9.0/DCworkbench_Hall_nouart/Drivers/STM32F3xx_HAL_Driver/Src/stm32f3xx_hal.c" -mcpu=cortex-m4 -std=gnu11 -g3 -DDEBUG -DARM_MATH_CM4 -DUSE_HAL_DRIVER -DSTM32F302x8 -c -I../../Inc -I../../Drivers/STM32F3xx_HAL_Driver/Inc -I../../Drivers/STM32F3xx_HAL_Driver/Inc/Legacy -I../../MCSDK_v5.Y.4-Full/MotorControl/MCSDK/MCLib/Any/Inc -I../../MCSDK_v5.Y.4-Full/MotorControl/MCSDK/MCLib/F3xx/Inc -I../../Drivers/CMSIS/Device/ST/STM32F3xx/Include -I../../Drivers/CMSIS/Include -I../../Drivers/CMSIS/DSP/Include -Ofast -ffunction-sections -fdata-sections -Wall -fstack-usage -MMD -MP -MF"Drivers/STM32F3xx_HAL_Driver/stm32f3xx_hal.d" -MT"Drivers/STM32F3xx_HAL_Driver/stm32f3xx_hal.o" --specs=nano.specs -mfpu=fpv4-sp-d16 -mfloat-abi=hard -mthumb -o "Drivers/STM32F3xx_HAL_Driver/stm32f3xx_hal.o"
arm-none-eabi-gcc "C:/Users/gsavian/STM32CubeIDE/workspace_1.9.0/DCworkbench_Hall_nouart/Drivers/STM32F3xx_HAL_Driver/Src/stm32f3xx_hal_adc.c" -mcpu=cortex-m4 -std=gnu11 -g3 -DDEBUG -DARM_MATH_CM4 -DUSE_HAL_DRIVER -DSTM32F302x8 -c -I../../Inc -I../../Drivers/STM32F3xx_HAL_Driver/Inc -I../../Drivers/STM32F3xx_HAL_Driver/Inc/Legacy -I../../MCSDK_v5.Y.4-Full/MotorControl/MCSDK/MCLib/Any/Inc -I../../MCSDK_v5.Y.4-Full/MotorControl/MCSDK/MCLib/F3xx/Inc -I../../Drivers/CMSIS/Device/ST/STM32F3xx/Include -I../../Drivers/CMSIS/Include -I../../Drivers/CMSIS/DSP/Include -Ofast -ffunction-sections -fdata-sections -Wall -fstack-usage -MMD -MP -MF"Drivers/STM32F3xx_HAL_Driver/stm32f3xx_hal_adc.d" -MT"Drivers/STM32F3xx_HAL_Driver/stm32f3xx_hal_adc.o" --specs=nano.specs -mfpu=fpv4-sp-d16 -mfloat-abi=hard -mthumb -o "Drivers/STM32F3xx_HAL_Driver/stm32f3xx_hal_adc.o"
arm-none-eabi-gcc "C:/Users/gsavian/STM32CubeIDE/workspace_1.9.0/DCworkbench_Hall_nouart/Drivers/STM32F3xx_HAL_Driver/Src/stm32f3xx_hal_adc_ex.c" -mcpu=cortex-m4 -std=gnu11 -g3 -DDEBUG -DARM_MATH_CM4 -DUSE_HAL_DRIVER -DSTM32F302x8 -c -I../../Inc -I../../Drivers/STM32F3xx_HAL_Driver/Inc -I../../Drivers/STM32F3xx_HAL_Driver/Inc/Legacy -I../../MCSDK_v5.Y.4-Full/MotorControl/MCSDK/MCLib/Any/Inc -I../../MCSDK_v5.Y.4-Full/MotorControl/MCSDK/MCLib/F3xx/Inc -I../../Drivers/CMSIS/Device/ST/STM32F3xx/Include -I../../Drivers/CMSIS/Include -I../../Drivers/CMSIS/DSP/Include -Ofast -ffunction-sections -fdata-sections -Wall -fstack-usage -MMD -MP -MF"Drivers/STM32F3xx_HAL_Driver/stm32f3xx_hal_adc_ex.d" -MT"Drivers/STM32F3xx_HAL_Driver/stm32f3xx_hal_adc_ex.o" --specs=nano.specs -mfpu=fpv4-sp-d16 -mfloat-abi=hard -mthumb -o "Drivers/STM32F3xx_HAL_Driver/stm32f3xx_hal_adc_ex.o"
arm-none-eabi-gcc "C:/Users/gsavian/STM32CubeIDE/workspace_1.9.0/DCworkbench_Hall_nouart/Drivers/STM32F3xx_HAL_Driver/Src/stm32f3xx_hal_cortex.c" -mcpu=cortex-m4 -std=gnu11 -g3 -DDEBUG -DARM_MATH_CM4 -DUSE_HAL_DRIVER -DSTM32F302x8 -c -I../../Inc -I../../Drivers/STM32F3xx_HAL_Driver/Inc -I../../Drivers/STM32F3xx_HAL_Driver/Inc/Legacy -I../../MCSDK_v5.Y.4-Full/MotorControl/MCSDK/MCLib/Any/Inc -I../../MCSDK_v5.Y.4-Full/MotorControl/MCSDK/MCLib/F3xx/Inc -I../../Drivers/CMSIS/Device/ST/STM32F3xx/Include -I../../Drivers/CMSIS/Include -I../../Drivers/CMSIS/DSP/Include -Ofast -ffunction-sections -fdata-sections -Wall -fstack-usage -MMD -MP -MF"Drivers/STM32F3xx_HAL_Driver/stm32f3xx_hal_cortex.d" -MT"Drivers/STM32F3xx_HAL_Driver/stm32f3xx_hal_cortex.o" --specs=nano.specs -mfpu=fpv4-sp-d16 -mfloat-abi=hard -mthumb -o "Drivers/STM32F3xx_HAL_Driver/stm32f3xx_hal_cortex.o"
arm-none-eabi-gcc "C:/Users/gsavian/STM32CubeIDE/workspace_1.9.0/DCworkbench_Hall_nouart/Drivers/STM32F3xx_HAL_Driver/Src/stm32f3xx_hal_dma.c" -mcpu=cortex-m4 -std=gnu11 -g3 -DDEBUG -DARM_MATH_CM4 -DUSE_HAL_DRIVER -DSTM32F302x8 -c -I../../Inc -I../../Drivers/STM32F3xx_HAL_Driver/Inc -I../../Drivers/STM32F3xx_HAL_Driver/Inc/Legacy -I../../MCSDK_v5.Y.4-Full/MotorControl/MCSDK/MCLib/Any/Inc -I../../MCSDK_v5.Y.4-Full/MotorControl/MCSDK/MCLib/F3xx/Inc -I../../Drivers/CMSIS/Device/ST/STM32F3xx/Include -I../../Drivers/CMSIS/Include -I../../Drivers/CMSIS/DSP/Include -Ofast -ffunction-sections -fdata-sections -Wall -fstack-usage -MMD -MP -MF"Drivers/STM32F3xx_HAL_Driver/stm32f3xx_hal_dma.d" -MT"Drivers/STM32F3xx_HAL_Driver/stm32f3xx_hal_dma.o" --specs=nano.specs -mfpu=fpv4-sp-d16 -mfloat-abi=hard -mthumb -o "Drivers/STM32F3xx_HAL_Driver/stm32f3xx_hal_dma.o"
arm-none-eabi-gcc "C:/Users/gsavian/STM32CubeIDE/workspace_1.9.0/DCworkbench_Hall_nouart/Drivers/STM32F3xx_HAL_Driver/Src/stm32f3xx_hal_exti.c" -mcpu=cortex-m4 -std=gnu11 -g3 -DDEBUG -DARM_MATH_CM4 -DUSE_HAL_DRIVER -DSTM32F302x8 -c -I../../Inc -I../../Drivers/STM32F3xx_HAL_Driver/Inc -I../../Drivers/STM32F3xx_HAL_Driver/Inc/Legacy -I../../MCSDK_v5.Y.4-Full/MotorControl/MCSDK/MCLib/Any/Inc -I../../MCSDK_v5.Y.4-Full/MotorControl/MCSDK/MCLib/F3xx/Inc -I../../Drivers/CMSIS/Device/ST/STM32F3xx/Include -I../../Drivers/CMSIS/Include -I../../Drivers/CMSIS/DSP/Include -Ofast -ffunction-sections -fdata-sections -Wall -fstack-usage -MMD -MP -MF"Drivers/STM32F3xx_HAL_Driver/stm32f3xx_hal_exti.d" -MT"Drivers/STM32F3xx_HAL_Driver/stm32f3xx_hal_exti.o" --specs=nano.specs -mfpu=fpv4-sp-d16 -mfloat-abi=hard -mthumb -o "Drivers/STM32F3xx_HAL_Driver/stm32f3xx_hal_exti.o"
arm-none-eabi-gcc "C:/Users/gsavian/STM32CubeIDE/workspace_1.9.0/DCworkbench_Hall_nouart/Drivers/STM32F3xx_HAL_Driver/Src/stm32f3xx_hal_flash.c" -mcpu=cortex-m4 -std=gnu11 -g3 -DDEBUG -DARM_MATH_CM4 -DUSE_HAL_DRIVER -DSTM32F302x8 -c -I../../Inc -I../../Drivers/STM32F3xx_HAL_Driver/Inc -I../../Drivers/STM32F3xx_HAL_Driver/Inc/Legacy -I../../MCSDK_v5.Y.4-Full/MotorControl/MCSDK/MCLib/Any/Inc -I../../MCSDK_v5.Y.4-Full/MotorControl/MCSDK/MCLib/F3xx/Inc -I../../Drivers/CMSIS/Device/ST/STM32F3xx/Include -I../../Drivers/CMSIS/Include -I../../Drivers/CMSIS/DSP/Include -Ofast -ffunction-sections -fdata-sections -Wall -fstack-usage -MMD -MP -MF"Drivers/STM32F3xx_HAL_Driver/stm32f3xx_hal_flash.d" -MT"Drivers/STM32F3xx_HAL_Driver/stm32f3xx_hal_flash.o" --specs=nano.specs -mfpu=fpv4-sp-d16 -mfloat-abi=hard -mthumb -o "Drivers/STM32F3xx_HAL_Driver/stm32f3xx_hal_flash.o"
arm-none-eabi-gcc "C:/Users/gsavian/STM32CubeIDE/workspace_1.9.0/DCworkbench_Hall_nouart/Drivers/STM32F3xx_HAL_Driver/Src/stm32f3xx_hal_flash_ex.c" -mcpu=cortex-m4 -std=gnu11 -g3 -DDEBUG -DARM_MATH_CM4 -DUSE_HAL_DRIVER -DSTM32F302x8 -c -I../../Inc -I../../Drivers/STM32F3xx_HAL_Driver/Inc -I../../Drivers/STM32F3xx_HAL_Driver/Inc/Legacy -I../../MCSDK_v5.Y.4-Full/MotorControl/MCSDK/MCLib/Any/Inc -I../../MCSDK_v5.Y.4-Full/MotorControl/MCSDK/MCLib/F3xx/Inc -I../../Drivers/CMSIS/Device/ST/STM32F3xx/Include -I../../Drivers/CMSIS/Include -I../../Drivers/CMSIS/DSP/Include -Ofast -ffunction-sections -fdata-sections -Wall -fstack-usage -MMD -MP -MF"Drivers/STM32F3xx_HAL_Driver/stm32f3xx_hal_flash_ex.d" -MT"Drivers/STM32F3xx_HAL_Driver/stm32f3xx_hal_flash_ex.o" --specs=nano.specs -mfpu=fpv4-sp-d16 -mfloat-abi=hard -mthumb -o "Drivers/STM32F3xx_HAL_Driver/stm32f3xx_hal_flash_ex.o"
arm-none-eabi-gcc "C:/Users/gsavian/STM32CubeIDE/workspace_1.9.0/DCworkbench_Hall_nouart/Drivers/STM32F3xx_HAL_Driver/Src/stm32f3xx_hal_gpio.c" -mcpu=cortex-m4 -std=gnu11 -g3 -DDEBUG -DARM_MATH_CM4 -DUSE_HAL_DRIVER -DSTM32F302x8 -c -I../../Inc -I../../Drivers/STM32F3xx_HAL_Driver/Inc -I../../Drivers/STM32F3xx_HAL_Driver/Inc/Legacy -I../../MCSDK_v5.Y.4-Full/MotorControl/MCSDK/MCLib/Any/Inc -I../../MCSDK_v5.Y.4-Full/MotorControl/MCSDK/MCLib/F3xx/Inc -I../../Drivers/CMSIS/Device/ST/STM32F3xx/Include -I../../Drivers/CMSIS/Include -I../../Drivers/CMSIS/DSP/Include -Ofast -ffunction-sections -fdata-sections -Wall -fstack-usage -MMD -MP -MF"Drivers/STM32F3xx_HAL_Driver/stm32f3xx_hal_gpio.d" -MT"Drivers/STM32F3xx_HAL_Driver/stm32f3xx_hal_gpio.o" --specs=nano.specs -mfpu=fpv4-sp-d16 -mfloat-abi=hard -mthumb -o "Drivers/STM32F3xx_HAL_Driver/stm32f3xx_hal_gpio.o"
arm-none-eabi-gcc "C:/Users/gsavian/STM32CubeIDE/workspace_1.9.0/DCworkbench_Hall_nouart/Drivers/STM32F3xx_HAL_Driver/Src/stm32f3xx_hal_i2c.c" -mcpu=cortex-m4 -std=gnu11 -g3 -DDEBUG -DARM_MATH_CM4 -DUSE_HAL_DRIVER -DSTM32F302x8 -c -I../../Inc -I../../Drivers/STM32F3xx_HAL_Driver/Inc -I../../Drivers/STM32F3xx_HAL_Driver/Inc/Legacy -I../../MCSDK_v5.Y.4-Full/MotorControl/MCSDK/MCLib/Any/Inc -I../../MCSDK_v5.Y.4-Full/MotorControl/MCSDK/MCLib/F3xx/Inc -I../../Drivers/CMSIS/Device/ST/STM32F3xx/Include -I../../Drivers/CMSIS/Include -I../../Drivers/CMSIS/DSP/Include -Ofast -ffunction-sections -fdata-sections -Wall -fstack-usage -MMD -MP -MF"Drivers/STM32F3xx_HAL_Driver/stm32f3xx_hal_i2c.d" -MT"Drivers/STM32F3xx_HAL_Driver/stm32f3xx_hal_i2c.o" --specs=nano.specs -mfpu=fpv4-sp-d16 -mfloat-abi=hard -mthumb -o "Drivers/STM32F3xx_HAL_Driver/stm32f3xx_hal_i2c.o"
arm-none-eabi-gcc "C:/Users/gsavian/STM32CubeIDE/workspace_1.9.0/DCworkbench_Hall_nouart/Drivers/STM32F3xx_HAL_Driver/Src/stm32f3xx_hal_i2c_ex.c" -mcpu=cortex-m4 -std=gnu11 -g3 -DDEBUG -DARM_MATH_CM4 -DUSE_HAL_DRIVER -DSTM32F302x8 -c -I../../Inc -I../../Drivers/STM32F3xx_HAL_Driver/Inc -I../../Drivers/STM32F3xx_HAL_Driver/Inc/Legacy -I../../MCSDK_v5.Y.4-Full/MotorControl/MCSDK/MCLib/Any/Inc -I../../MCSDK_v5.Y.4-Full/MotorControl/MCSDK/MCLib/F3xx/Inc -I../../Drivers/CMSIS/Device/ST/STM32F3xx/Include -I../../Drivers/CMSIS/Include -I../../Drivers/CMSIS/DSP/Include -Ofast -ffunction-sections -fdata-sections -Wall -fstack-usage -MMD -MP -MF"Drivers/STM32F3xx_HAL_Driver/stm32f3xx_hal_i2c_ex.d" -MT"Drivers/STM32F3xx_HAL_Driver/stm32f3xx_hal_i2c_ex.o" --specs=nano.specs -mfpu=fpv4-sp-d16 -mfloat-abi=hard -mthumb -o "Drivers/STM32F3xx_HAL_Driver/stm32f3xx_hal_i2c_ex.o"
arm-none-eabi-gcc "C:/Users/gsavian/STM32CubeIDE/workspace_1.9.0/DCworkbench_Hall_nouart/Drivers/STM32F3xx_HAL_Driver/Src/stm32f3xx_hal_pwr.c" -mcpu=cortex-m4 -std=gnu11 -g3 -DDEBUG -DARM_MATH_CM4 -DUSE_HAL_DRIVER -DSTM32F302x8 -c -I../../Inc -I../../Drivers/STM32F3xx_HAL_Driver/Inc -I../../Drivers/STM32F3xx_HAL_Driver/Inc/Legacy -I../../MCSDK_v5.Y.4-Full/MotorControl/MCSDK/MCLib/Any/Inc -I../../MCSDK_v5.Y.4-Full/MotorControl/MCSDK/MCLib/F3xx/Inc -I../../Drivers/CMSIS/Device/ST/STM32F3xx/Include -I../../Drivers/CMSIS/Include -I../../Drivers/CMSIS/DSP/Include -Ofast -ffunction-sections -fdata-sections -Wall -fstack-usage -MMD -MP -MF"Drivers/STM32F3xx_HAL_Driver/stm32f3xx_hal_pwr.d" -MT"Drivers/STM32F3xx_HAL_Driver/stm32f3xx_hal_pwr.o" --specs=nano.specs -mfpu=fpv4-sp-d16 -mfloat-abi=hard -mthumb -o "Drivers/STM32F3xx_HAL_Driver/stm32f3xx_hal_pwr.o"
arm-none-eabi-gcc "C:/Users/gsavian/STM32CubeIDE/workspace_1.9.0/DCworkbench_Hall_nouart/Drivers/STM32F3xx_HAL_Driver/Src/stm32f3xx_hal_pwr_ex.c" -mcpu=cortex-m4 -std=gnu11 -g3 -DDEBUG -DARM_MATH_CM4 -DUSE_HAL_DRIVER -DSTM32F302x8 -c -I../../Inc -I../../Drivers/STM32F3xx_HAL_Driver/Inc -I../../Drivers/STM32F3xx_HAL_Driver/Inc/Legacy -I../../MCSDK_v5.Y.4-Full/MotorControl/MCSDK/MCLib/Any/Inc -I../../MCSDK_v5.Y.4-Full/MotorControl/MCSDK/MCLib/F3xx/Inc -I../../Drivers/CMSIS/Device/ST/STM32F3xx/Include -I../../Drivers/CMSIS/Include -I../../Drivers/CMSIS/DSP/Include -Ofast -ffunction-sections -fdata-sections -Wall -fstack-usage -MMD -MP -MF"Drivers/STM32F3xx_HAL_Driver/stm32f3xx_hal_pwr_ex.d" -MT"Drivers/STM32F3xx_HAL_Driver/stm32f3xx_hal_pwr_ex.o" --specs=nano.specs -mfpu=fpv4-sp-d16 -mfloat-abi=hard -mthumb -o "Drivers/STM32F3xx_HAL_Driver/stm32f3xx_hal_pwr_ex.o"
arm-none-eabi-gcc "C:/Users/gsavian/STM32CubeIDE/workspace_1.9.0/DCworkbench_Hall_nouart/Drivers/STM32F3xx_HAL_Driver/Src/stm32f3xx_hal_rcc.c" -mcpu=cortex-m4 -std=gnu11 -g3 -DDEBUG -DARM_MATH_CM4 -DUSE_HAL_DRIVER -DSTM32F302x8 -c -I../../Inc -I../../Drivers/STM32F3xx_HAL_Driver/Inc -I../../Drivers/STM32F3xx_HAL_Driver/Inc/Legacy -I../../MCSDK_v5.Y.4-Full/MotorControl/MCSDK/MCLib/Any/Inc -I../../MCSDK_v5.Y.4-Full/MotorControl/MCSDK/MCLib/F3xx/Inc -I../../Drivers/CMSIS/Device/ST/STM32F3xx/Include -I../../Drivers/CMSIS/Include -I../../Drivers/CMSIS/DSP/Include -Ofast -ffunction-sections -fdata-sections -Wall -fstack-usage -MMD -MP -MF"Drivers/STM32F3xx_HAL_Driver/stm32f3xx_hal_rcc.d" -MT"Drivers/STM32F3xx_HAL_Driver/stm32f3xx_hal_rcc.o" --specs=nano.specs -mfpu=fpv4-sp-d16 -mfloat-abi=hard -mthumb -o "Drivers/STM32F3xx_HAL_Driver/stm32f3xx_hal_rcc.o"
arm-none-eabi-gcc "C:/Users/gsavian/STM32CubeIDE/workspace_1.9.0/DCworkbench_Hall_nouart/Drivers/STM32F3xx_HAL_Driver/Src/stm32f3xx_hal_rcc_ex.c" -mcpu=cortex-m4 -std=gnu11 -g3 -DDEBUG -DARM_MATH_CM4 -DUSE_HAL_DRIVER -DSTM32F302x8 -c -I../../Inc -I../../Drivers/STM32F3xx_HAL_Driver/Inc -I../../Drivers/STM32F3xx_HAL_Driver/Inc/Legacy -I../../MCSDK_v5.Y.4-Full/MotorControl/MCSDK/MCLib/Any/Inc -I../../MCSDK_v5.Y.4-Full/MotorControl/MCSDK/MCLib/F3xx/Inc -I../../Drivers/CMSIS/Device/ST/STM32F3xx/Include -I../../Drivers/CMSIS/Include -I../../Drivers/CMSIS/DSP/Include -Ofast -ffunction-sections -fdata-sections -Wall -fstack-usage -MMD -MP -MF"Drivers/STM32F3xx_HAL_Driver/stm32f3xx_hal_rcc_ex.d" -MT"Drivers/STM32F3xx_HAL_Driver/stm32f3xx_hal_rcc_ex.o" --specs=nano.specs -mfpu=fpv4-sp-d16 -mfloat-abi=hard -mthumb -o "Drivers/STM32F3xx_HAL_Driver/stm32f3xx_hal_rcc_ex.o"
arm-none-eabi-gcc "C:/Users/gsavian/STM32CubeIDE/workspace_1.9.0/DCworkbench_Hall_nouart/Drivers/STM32F3xx_HAL_Driver/Src/stm32f3xx_hal_tim.c" -mcpu=cortex-m4 -std=gnu11 -g3 -DDEBUG -DARM_MATH_CM4 -DUSE_HAL_DRIVER -DSTM32F302x8 -c -I../../Inc -I../../Drivers/STM32F3xx_HAL_Driver/Inc -I../../Drivers/STM32F3xx_HAL_Driver/Inc/Legacy -I../../MCSDK_v5.Y.4-Full/MotorControl/MCSDK/MCLib/Any/Inc -I../../MCSDK_v5.Y.4-Full/MotorControl/MCSDK/MCLib/F3xx/Inc -I../../Drivers/CMSIS/Device/ST/STM32F3xx/Include -I../../Drivers/CMSIS/Include -I../../Drivers/CMSIS/DSP/Include -Ofast -ffunction-sections -fdata-sections -Wall -fstack-usage -MMD -MP -MF"Drivers/STM32F3xx_HAL_Driver/stm32f3xx_hal_tim.d" -MT"Drivers/STM32F3xx_HAL_Driver/stm32f3xx_hal_tim.o" --specs=nano.specs -mfpu=fpv4-sp-d16 -mfloat-abi=hard -mthumb -o "Drivers/STM32F3xx_HAL_Driver/stm32f3xx_hal_tim.o"
arm-none-eabi-gcc "C:/Users/gsavian/STM32CubeIDE/workspace_1.9.0/DCworkbench_Hall_nouart/Drivers/STM32F3xx_HAL_Driver/Src/stm32f3xx_hal_tim_ex.c" -mcpu=cortex-m4 -std=gnu11 -g3 -DDEBUG -DARM_MATH_CM4 -DUSE_HAL_DRIVER -DSTM32F302x8 -c -I../../Inc -I../../Drivers/STM32F3xx_HAL_Driver/Inc -I../../Drivers/STM32F3xx_HAL_Driver/Inc/Legacy -I../../MCSDK_v5.Y.4-Full/MotorControl/MCSDK/MCLib/Any/Inc -I../../MCSDK_v5.Y.4-Full/MotorControl/MCSDK/MCLib/F3xx/Inc -I../../Drivers/CMSIS/Device/ST/STM32F3xx/Include -I../../Drivers/CMSIS/Include -I../../Drivers/CMSIS/DSP/Include -Ofast -ffunction-sections -fdata-sections -Wall -fstack-usage -MMD -MP -MF"Drivers/STM32F3xx_HAL_Driver/stm32f3xx_hal_tim_ex.d" -MT"Drivers/STM32F3xx_HAL_Driver/stm32f3xx_hal_tim_ex.o" --specs=nano.specs -mfpu=fpv4-sp-d16 -mfloat-abi=hard -mthumb -o "Drivers/STM32F3xx_HAL_Driver/stm32f3xx_hal_tim_ex.o"
arm-none-eabi-gcc "C:/Users/gsavian/STM32CubeIDE/workspace_1.9.0/DCworkbench_Hall_nouart/Src/system_stm32f3xx.c" -mcpu=cortex-m4 -std=gnu11 -g3 -DDEBUG -DARM_MATH_CM4 -DUSE_HAL_DRIVER -DSTM32F302x8 -c -I../../Inc -I../../Drivers/STM32F3xx_HAL_Driver/Inc -I../../Drivers/STM32F3xx_HAL_Driver/Inc/Legacy -I../../MCSDK_v5.Y.4-Full/MotorControl/MCSDK/MCLib/Any/Inc -I../../MCSDK_v5.Y.4-Full/MotorControl/MCSDK/MCLib/F3xx/Inc -I../../Drivers/CMSIS/Device/ST/STM32F3xx/Include -I../../Drivers/CMSIS/Include -I../../Drivers/CMSIS/DSP/Include -Ofast -ffunction-sections -fdata-sections -Wall -fstack-usage -MMD -MP -MF"Drivers/CMSIS/system_stm32f3xx.d" -MT"Drivers/CMSIS/system_stm32f3xx.o" --specs=nano.specs -mfpu=fpv4-sp-d16 -mfloat-abi=hard -mthumb -o "Drivers/CMSIS/system_stm32f3xx.o"
arm-none-eabi-gcc "C:/Users/gsavian/STM32CubeIDE/workspace_1.9.0/DCworkbench_Hall_nouart/Src/main.c" -mcpu=cortex-m4 -std=gnu11 -g3 -DDEBUG -DARM_MATH_CM4 -DUSE_HAL_DRIVER -DSTM32F302x8 -c -I../../Inc -I../../Drivers/STM32F3xx_HAL_Driver/Inc -I../../Drivers/STM32F3xx_HAL_Driver/Inc/Legacy -I../../MCSDK_v5.Y.4-Full/MotorControl/MCSDK/MCLib/Any/Inc -I../../MCSDK_v5.Y.4-Full/MotorControl/MCSDK/MCLib/F3xx/Inc -I../../Drivers/CMSIS/Device/ST/STM32F3xx/Include -I../../Drivers/CMSIS/Include -I../../Drivers/CMSIS/DSP/Include -Ofast -ffunction-sections -fdata-sections -Wall -fstack-usage -MMD -MP -MF"Application/User/main.d" -MT"Application/User/main.o" --specs=nano.specs -mfpu=fpv4-sp-d16 -mfloat-abi=hard -mthumb -o "Application/User/main.o"
arm-none-eabi-gcc "C:/Users/gsavian/STM32CubeIDE/workspace_1.9.0/DCworkbench_Hall_nouart/Src/mc_api.c" -mcpu=cortex-m4 -std=gnu11 -g3 -DDEBUG -DARM_MATH_CM4 -DUSE_HAL_DRIVER -DSTM32F302x8 -c -I../../Inc -I../../Drivers/STM32F3xx_HAL_Driver/Inc -I../../Drivers/STM32F3xx_HAL_Driver/Inc/Legacy -I../../MCSDK_v5.Y.4-Full/MotorControl/MCSDK/MCLib/Any/Inc -I../../MCSDK_v5.Y.4-Full/MotorControl/MCSDK/MCLib/F3xx/Inc -I../../Drivers/CMSIS/Device/ST/STM32F3xx/Include -I../../Drivers/CMSIS/Include -I../../Drivers/CMSIS/DSP/Include -Ofast -ffunction-sections -fdata-sections -Wall -fstack-usage -MMD -MP -MF"Application/User/mc_api.d" -MT"Application/User/mc_api.o" --specs=nano.specs -mfpu=fpv4-sp-d16 -mfloat-abi=hard -mthumb -o "Application/User/mc_api.o"
arm-none-eabi-gcc "C:/Users/gsavian/STM32CubeIDE/workspace_1.9.0/DCworkbench_Hall_nouart/Src/mc_config.c" -mcpu=cortex-m4 -std=gnu11 -g3 -DDEBUG -DARM_MATH_CM4 -DUSE_HAL_DRIVER -DSTM32F302x8 -c -I../../Inc -I../../Drivers/STM32F3xx_HAL_Driver/Inc -I../../Drivers/STM32F3xx_HAL_Driver/Inc/Legacy -I../../MCSDK_v5.Y.4-Full/MotorControl/MCSDK/MCLib/Any/Inc -I../../MCSDK_v5.Y.4-Full/MotorControl/MCSDK/MCLib/F3xx/Inc -I../../Drivers/CMSIS/Device/ST/STM32F3xx/Include -I../../Drivers/CMSIS/Include -I../../Drivers/CMSIS/DSP/Include -Ofast -ffunction-sections -fdata-sections -Wall -fstack-usage -MMD -MP -MF"Application/User/mc_config.d" -MT"Application/User/mc_config.o" --specs=nano.specs -mfpu=fpv4-sp-d16 -mfloat-abi=hard -mthumb -o "Application/User/mc_config.o"
arm-none-eabi-gcc "C:/Users/gsavian/STM32CubeIDE/workspace_1.9.0/DCworkbench_Hall_nouart/Src/mc_configuration_registers.c" -mcpu=cortex-m4 -std=gnu11 -g3 -DDEBUG -DARM_MATH_CM4 -DUSE_HAL_DRIVER -DSTM32F302x8 -c -I../../Inc -I../../Drivers/STM32F3xx_HAL_Driver/Inc -I../../Drivers/STM32F3xx_HAL_Driver/Inc/Legacy -I../../MCSDK_v5.Y.4-Full/MotorControl/MCSDK/MCLib/Any/Inc -I../../MCSDK_v5.Y.4-Full/MotorControl/MCSDK/MCLib/F3xx/Inc -I../../Drivers/CMSIS/Device/ST/STM32F3xx/Include -I../../Drivers/CMSIS/Include -I../../Drivers/CMSIS/DSP/Include -Ofast -ffunction-sections -fdata-sections -Wall -fstack-usage -MMD -MP -MF"Application/User/mc_configuration_registers.d" -MT"Application/User/mc_configuration_registers.o" --specs=nano.specs -mfpu=fpv4-sp-d16 -mfloat-abi=hard -mthumb -o "Application/User/mc_configuration_registers.o"
arm-none-eabi-gcc "C:/Users/gsavian/STM32CubeIDE/workspace_1.9.0/DCworkbench_Hall_nouart/Src/mc_interface.c" -mcpu=cortex-m4 -std=gnu11 -g3 -DDEBUG -DARM_MATH_CM4 -DUSE_HAL_DRIVER -DSTM32F302x8 -c -I../../Inc -I../../Drivers/STM32F3xx_HAL_Driver/Inc -I../../Drivers/STM32F3xx_HAL_Driver/Inc/Legacy -I../../MCSDK_v5.Y.4-Full/MotorControl/MCSDK/MCLib/Any/Inc -I../../MCSDK_v5.Y.4-Full/MotorControl/MCSDK/MCLib/F3xx/Inc -I../../Drivers/CMSIS/Device/ST/STM32F3xx/Include -I../../Drivers/CMSIS/Include -I../../Drivers/CMSIS/DSP/Include -Ofast -ffunction-sections -fdata-sections -Wall -fstack-usage -MMD -MP -MF"Application/User/mc_interface.d" -MT"Application/User/mc_interface.o" --specs=nano.specs -mfpu=fpv4-sp-d16 -mfloat-abi=hard -mthumb -o "Application/User/mc_interface.o"
arm-none-eabi-gcc "C:/Users/gsavian/STM32CubeIDE/workspace_1.9.0/DCworkbench_Hall_nouart/Src/mc_math.c" -mcpu=cortex-m4 -std=gnu11 -g3 -DDEBUG -DARM_MATH_CM4 -DUSE_HAL_DRIVER -DSTM32F302x8 -c -I../../Inc -I../../Drivers/STM32F3xx_HAL_Driver/Inc -I../../Drivers/STM32F3xx_HAL_Driver/Inc/Legacy -I../../MCSDK_v5.Y.4-Full/MotorControl/MCSDK/MCLib/Any/Inc -I../../MCSDK_v5.Y.4-Full/MotorControl/MCSDK/MCLib/F3xx/Inc -I../../Drivers/CMSIS/Device/ST/STM32F3xx/Include -I../../Drivers/CMSIS/Include -I../../Drivers/CMSIS/DSP/Include -Ofast -ffunction-sections -fdata-sections -Wall -fstack-usage -MMD -MP -MF"Application/User/mc_math.d" -MT"Application/User/mc_math.o" --specs=nano.specs -mfpu=fpv4-sp-d16 -mfloat-abi=hard -mthumb -o "Application/User/mc_math.o"
arm-none-eabi-gcc "C:/Users/gsavian/STM32CubeIDE/workspace_1.9.0/DCworkbench_Hall_nouart/Src/mc_parameters.c" -mcpu=cortex-m4 -std=gnu11 -g3 -DDEBUG -DARM_MATH_CM4 -DUSE_HAL_DRIVER -DSTM32F302x8 -c -I../../Inc -I../../Drivers/STM32F3xx_HAL_Driver/Inc -I../../Drivers/STM32F3xx_HAL_Driver/Inc/Legacy -I../../MCSDK_v5.Y.4-Full/MotorControl/MCSDK/MCLib/Any/Inc -I../../MCSDK_v5.Y.4-Full/MotorControl/MCSDK/MCLib/F3xx/Inc -I../../Drivers/CMSIS/Device/ST/STM32F3xx/Include -I../../Drivers/CMSIS/Include -I../../Drivers/CMSIS/DSP/Include -Ofast -ffunction-sections -fdata-sections -Wall -fstack-usage -MMD -MP -MF"Application/User/mc_parameters.d" -MT"Application/User/mc_parameters.o" --specs=nano.specs -mfpu=fpv4-sp-d16 -mfloat-abi=hard -mthumb -o "Application/User/mc_parameters.o"
arm-none-eabi-gcc "C:/Users/gsavian/STM32CubeIDE/workspace_1.9.0/DCworkbench_Hall_nouart/Src/mc_perf.c" -mcpu=cortex-m4 -std=gnu11 -g3 -DDEBUG -DARM_MATH_CM4 -DUSE_HAL_DRIVER -DSTM32F302x8 -c -I../../Inc -I../../Drivers/STM32F3xx_HAL_Driver/Inc -I../../Drivers/STM32F3xx_HAL_Driver/Inc/Legacy -I../../MCSDK_v5.Y.4-Full/MotorControl/MCSDK/MCLib/Any/Inc -I../../MCSDK_v5.Y.4-Full/MotorControl/MCSDK/MCLib/F3xx/Inc -I../../Drivers/CMSIS/Device/ST/STM32F3xx/Include -I../../Drivers/CMSIS/Include -I../../Drivers/CMSIS/DSP/Include -Ofast -ffunction-sections -fdata-sections -Wall -fstack-usage -MMD -MP -MF"Application/User/mc_perf.d" -MT"Application/User/mc_perf.o" --specs=nano.specs -mfpu=fpv4-sp-d16 -mfloat-abi=hard -mthumb -o "Application/User/mc_perf.o"
arm-none-eabi-gcc "C:/Users/gsavian/STM32CubeIDE/workspace_1.9.0/DCworkbench_Hall_nouart/Src/mc_tasks.c" -mcpu=cortex-m4 -std=gnu11 -g3 -DDEBUG -DARM_MATH_CM4 -DUSE_HAL_DRIVER -DSTM32F302x8 -c -I../../Inc -I../../Drivers/STM32F3xx_HAL_Driver/Inc -I../../Drivers/STM32F3xx_HAL_Driver/Inc/Legacy -I../../MCSDK_v5.Y.4-Full/MotorControl/MCSDK/MCLib/Any/Inc -I../../MCSDK_v5.Y.4-Full/MotorControl/MCSDK/MCLib/F3xx/Inc -I../../Drivers/CMSIS/Device/ST/STM32F3xx/Include -I../../Drivers/CMSIS/Include -I../../Drivers/CMSIS/DSP/Include -Ofast -ffunction-sections -fdata-sections -Wall -fstack-usage -MMD -MP -MF"Application/User/mc_tasks.d" -MT"Application/User/mc_tasks.o" --specs=nano.specs -mfpu=fpv4-sp-d16 -mfloat-abi=hard -mthumb -o "Application/User/mc_tasks.o"
arm-none-eabi-gcc "C:/Users/gsavian/STM32CubeIDE/workspace_1.9.0/DCworkbench_Hall_nouart/Src/motorcontrol.c" -mcpu=cortex-m4 -std=gnu11 -g3 -DDEBUG -DARM_MATH_CM4 -DUSE_HAL_DRIVER -DSTM32F302x8 -c -I../../Inc -I../../Drivers/STM32F3xx_HAL_Driver/Inc -I../../Drivers/STM32F3xx_HAL_Driver/Inc/Legacy -I../../MCSDK_v5.Y.4-Full/MotorControl/MCSDK/MCLib/Any/Inc -I../../MCSDK_v5.Y.4-Full/MotorControl/MCSDK/MCLib/F3xx/Inc -I../../Drivers/CMSIS/Device/ST/STM32F3xx/Include -I../../Drivers/CMSIS/Include -I../../Drivers/CMSIS/DSP/Include -Ofast -ffunction-sections -fdata-sections -Wall -fstack-usage -MMD -MP -MF"Application/User/motorcontrol.d" -MT"Application/User/motorcontrol.o" --specs=nano.specs -mfpu=fpv4-sp-d16 -mfloat-abi=hard -mthumb -o "Application/User/motorcontrol.o"
arm-none-eabi-gcc "C:/Users/gsavian/STM32CubeIDE/workspace_1.9.0/DCworkbench_Hall_nouart/Src/pwm_curr_fdbk.c" -mcpu=cortex-m4 -std=gnu11 -g3 -DDEBUG -DARM_MATH_CM4 -DUSE_HAL_DRIVER -DSTM32F302x8 -c -I../../Inc -I../../Drivers/STM32F3xx_HAL_Driver/Inc -I../../Drivers/STM32F3xx_HAL_Driver/Inc/Legacy -I../../MCSDK_v5.Y.4-Full/MotorControl/MCSDK/MCLib/Any/Inc -I../../MCSDK_v5.Y.4-Full/MotorControl/MCSDK/MCLib/F3xx/Inc -I../../Drivers/CMSIS/Device/ST/STM32F3xx/Include -I../../Drivers/CMSIS/Include -I../../Drivers/CMSIS/DSP/Include -Ofast -ffunction-sections -fdata-sections -Wall -fstack-usage -MMD -MP -MF"Application/User/pwm_curr_fdbk.d" -MT"Application/User/pwm_curr_fdbk.o" --specs=nano.specs -mfpu=fpv4-sp-d16 -mfloat-abi=hard -mthumb -o "Application/User/pwm_curr_fdbk.o"
C:/Users/gsavian/STM32CubeIDE/workspace_1.9.0/DCworkbench_Hall_nouart/Src/mc_tasks.c:63:17: warning: 'GLOBAL_TIMESTAMP' initialized and declared 'extern'
arm-none-eabi-gcc "C:/Users/gsavian/STM32CubeIDE/workspace_1.9.0/DCworkbench_Hall_nouart/Src/regular_conversion_manager.c" -mcpu=cortex-m4 -std=gnu11 -g3 -DDEBUG -DARM_MATH_CM4 -DUSE_HAL_DRIVER -DSTM32F302x8 -c -I../../Inc -I../../Drivers/STM32F3xx_HAL_Driver/Inc -I../../Drivers/STM32F3xx_HAL_Driver/Inc/Legacy -I../../MCSDK_v5.Y.4-Full/MotorControl/MCSDK/MCLib/Any/Inc -I../../MCSDK_v5.Y.4-Full/MotorControl/MCSDK/MCLib/F3xx/Inc -I../../Drivers/CMSIS/Device/ST/STM32F3xx/Include -I../../Drivers/CMSIS/Include -I../../Drivers/CMSIS/DSP/Include -Ofast -ffunction-sections -fdata-sections -Wall -fstack-usage -MMD -MP -MF"Application/User/regular_conversion_manager.d" -MT"Application/User/regular_conversion_manager.o" --specs=nano.specs -mfpu=fpv4-sp-d16 -mfloat-abi=hard -mthumb -o "Application/User/regular_conversion_manager.o"
   63 | extern uint32_t GLOBAL_TIMESTAMP = 0;
      |                 ^~~~~~~~~~~~~~~~
C:/Users/gsavian/STM32CubeIDE/workspace_1.9.0/DCworkbench_Hall_nouart/Src/mc_tasks.c:72:30: warning: 'pREMNG' defined but not used [-Wunused-variable]
   72 | static RampExtMngr_Handle_t *pREMNG[NBR_OF_MOTORS];   /*!< Ramp manager used to modify the Iq ref
      |                              ^~~~~~
arm-none-eabi-gcc "C:/Users/gsavian/STM32CubeIDE/workspace_1.9.0/DCworkbench_Hall_nouart/Src/stm32f30x_mc_it.c" -mcpu=cortex-m4 -std=gnu11 -g3 -DDEBUG -DARM_MATH_CM4 -DUSE_HAL_DRIVER -DSTM32F302x8 -c -I../../Inc -I../../Drivers/STM32F3xx_HAL_Driver/Inc -I../../Drivers/STM32F3xx_HAL_Driver/Inc/Legacy -I../../MCSDK_v5.Y.4-Full/MotorControl/MCSDK/MCLib/Any/Inc -I../../MCSDK_v5.Y.4-Full/MotorControl/MCSDK/MCLib/F3xx/Inc -I../../Drivers/CMSIS/Device/ST/STM32F3xx/Include -I../../Drivers/CMSIS/Include -I../../Drivers/CMSIS/DSP/Include -Ofast -ffunction-sections -fdata-sections -Wall -fstack-usage -MMD -MP -MF"Application/User/stm32f30x_mc_it.d" -MT"Application/User/stm32f30x_mc_it.o" --specs=nano.specs -mfpu=fpv4-sp-d16 -mfloat-abi=hard -mthumb -o "Application/User/stm32f30x_mc_it.o"
arm-none-eabi-gcc "C:/Users/gsavian/STM32CubeIDE/workspace_1.9.0/DCworkbench_Hall_nouart/Src/stm32f3xx_hal_msp.c" -mcpu=cortex-m4 -std=gnu11 -g3 -DDEBUG -DARM_MATH_CM4 -DUSE_HAL_DRIVER -DSTM32F302x8 -c -I../../Inc -I../../Drivers/STM32F3xx_HAL_Driver/Inc -I../../Drivers/STM32F3xx_HAL_Driver/Inc/Legacy -I../../MCSDK_v5.Y.4-Full/MotorControl/MCSDK/MCLib/Any/Inc -I../../MCSDK_v5.Y.4-Full/MotorControl/MCSDK/MCLib/F3xx/Inc -I../../Drivers/CMSIS/Device/ST/STM32F3xx/Include -I../../Drivers/CMSIS/Include -I../../Drivers/CMSIS/DSP/Include -Ofast -ffunction-sections -fdata-sections -Wall -fstack-usage -MMD -MP -MF"Application/User/stm32f3xx_hal_msp.d" -MT"Application/User/stm32f3xx_hal_msp.o" --specs=nano.specs -mfpu=fpv4-sp-d16 -mfloat-abi=hard -mthumb -o "Application/User/stm32f3xx_hal_msp.o"
arm-none-eabi-gcc "../Application/User/syscalls.c" -mcpu=cortex-m4 -std=gnu11 -g3 -DDEBUG -DARM_MATH_CM4 -DUSE_HAL_DRIVER -DSTM32F302x8 -c -I../../Inc -I../../Drivers/STM32F3xx_HAL_Driver/Inc -I../../Drivers/STM32F3xx_HAL_Driver/Inc/Legacy -I../../MCSDK_v5.Y.4-Full/MotorControl/MCSDK/MCLib/Any/Inc -I../../MCSDK_v5.Y.4-Full/MotorControl/MCSDK/MCLib/F3xx/Inc -I../../Drivers/CMSIS/Device/ST/STM32F3xx/Include -I../../Drivers/CMSIS/Include -I../../Drivers/CMSIS/DSP/Include -Ofast -ffunction-sections -fdata-sections -Wall -fstack-usage -MMD -MP -MF"Application/User/syscalls.d" -MT"Application/User/syscalls.o" --specs=nano.specs -mfpu=fpv4-sp-d16 -mfloat-abi=hard -mthumb -o "Application/User/syscalls.o"
arm-none-eabi-gcc "../Application/User/sysmem.c" -mcpu=cortex-m4 -std=gnu11 -g3 -DDEBUG -DARM_MATH_CM4 -DUSE_HAL_DRIVER -DSTM32F302x8 -c -I../../Inc -I../../Drivers/STM32F3xx_HAL_Driver/Inc -I../../Drivers/STM32F3xx_HAL_Driver/Inc/Legacy -I../../MCSDK_v5.Y.4-Full/MotorControl/MCSDK/MCLib/Any/Inc -I../../MCSDK_v5.Y.4-Full/MotorControl/MCSDK/MCLib/F3xx/Inc -I../../Drivers/CMSIS/Device/ST/STM32F3xx/Include -I../../Drivers/CMSIS/Include -I../../Drivers/CMSIS/DSP/Include -Ofast -ffunction-sections -fdata-sections -Wall -fstack-usage -MMD -MP -MF"Application/User/sysmem.d" -MT"Application/User/sysmem.o" --specs=nano.specs -mfpu=fpv4-sp-d16 -mfloat-abi=hard -mthumb -o "Application/User/sysmem.o"
arm-none-eabi-gcc -mcpu=cortex-m4 -g3 -DDEBUG -c -x assembler-with-cpp -MMD -MP -MF"Application/Startup/startup_stm32f302r8tx.d" -MT"Application/Startup/startup_stm32f302r8tx.o" --specs=nano.specs -mfpu=fpv4-sp-d16 -mfloat-abi=hard -mthumb -o "Application/Startup/startup_stm32f302r8tx.o" "../Application/Startup/startup_stm32f302r8tx.s"
arm-none-eabi-gcc "../.metadata/.plugins/org.eclipse.cdt.make.core/specs.c" -mcpu=cortex-m4 -std=gnu11 -g3 -DDEBUG -DARM_MATH_CM4 -DUSE_HAL_DRIVER -DSTM32F302x8 -c -I../../Inc -I../../Drivers/STM32F3xx_HAL_Driver/Inc -I../../Drivers/STM32F3xx_HAL_Driver/Inc/Legacy -I../../MCSDK_v5.Y.4-Full/MotorControl/MCSDK/MCLib/Any/Inc -I../../MCSDK_v5.Y.4-Full/MotorControl/MCSDK/MCLib/F3xx/Inc -I../../Drivers/CMSIS/Device/ST/STM32F3xx/Include -I../../Drivers/CMSIS/Include -I../../Drivers/CMSIS/DSP/Include -Ofast -ffunction-sections -fdata-sections -Wall -fstack-usage -MMD -MP -MF".metadata/.plugins/org.eclipse.cdt.make.core/specs.d" -MT".metadata/.plugins/org.eclipse.cdt.make.core/specs.o" --specs=nano.specs -mfpu=fpv4-sp-d16 -mfloat-abi=hard -mthumb -o ".metadata/.plugins/org.eclipse.cdt.make.core/specs.o"
arm-none-eabi-gcc -o "DCworkbench_Hall.elf" @"objects.list"   -mcpu=cortex-m4 -T"C:\Users\gsavian\STM32CubeIDE\workspace_1.9.0\DCworkbench_Hall_nouart\STM32CubeIDE\STM32F302R8TX_FLASH.ld" --specs=nosys.specs -Wl,-Map="DCworkbench_Hall.map" -Wl,--gc-sections -static --specs=nano.specs -mfpu=fpv4-sp-d16 -mfloat-abi=hard -mthumb -Wl,--start-group -lc -lm -Wl,--end-group
Finished building target: DCworkbench_Hall.elf
 
arm-none-eabi-size   DCworkbench_Hall.elf 
arm-none-eabi-objdump -h -S  DCworkbench_Hall.elf  > "DCworkbench_Hall.list"
   text	   data	    bss	    dec	    hex	filename
  20644	    748	   1912	  23304	   5b08	DCworkbench_Hall.elf
Finished building: default.size.stdout
 
Finished building: DCworkbench_Hall.list
 

12:33:12 Build Finished. 0 errors, 3 warnings. (took 35s.472ms)

