14:47:19 **** Incremental Build of configuration Debug for project bspf4 ****
make -j4 all 
make: Nothing to be done for 'all'.
14:47:37 **** Incremental Build of configuration Debug for project bldc ****
make -j4 all 
arm-none-eabi-size   bldc.elf 
   text	   data	    bss	    dec	    hex	filename
  49424	    840	   3728	  53992	   d2e8	bldc.elf
Finished building: default.size.stdout
 
14:49:18 **** Incremental Build of configuration Debug for project bldc ****
make -j4 all 
arm-none-eabi-size   bldc.elf 
   text	   data	    bss	    dec	    hex	filename
  49424	    840	   3728	  53992	   d2e8	bldc.elf
Finished building: default.size.stdout
 
14:49:55 **** Incremental Build of configuration Debug for project bldc ****
make -j4 all 
arm-none-eabi-size   bldc.elf 
   text	   data	    bss	    dec	    hex	filename
  49424	    840	   3728	  53992	   d2e8	bldc.elf
Finished building: default.size.stdout
 
14:52:47 **** Incremental Build of configuration Debug for project bldc ****
make -j4 all 
arm-none-eabi-size   bldc.elf 
   text	   data	    bss	    dec	    hex	filename
  49424	    840	   3728	  53992	   d2e8	bldc.elf
Finished building: default.size.stdout
 
14:54:44 **** Incremental Build of configuration Debug for project bldc ****
make -j4 all 
arm-none-eabi-size   bldc.elf 
   text	   data	    bss	    dec	    hex	filename
  49424	    840	   3728	  53992	   d2e8	bldc.elf
Finished building: default.size.stdout
 
14:55:19 **** Incremental Build of configuration Debug for project bldc ****
make -j4 all 
arm-none-eabi-size   bldc.elf 
   text	   data	    bss	    dec	    hex	filename
  49424	    840	   3728	  53992	   d2e8	bldc.elf
Finished building: default.size.stdout
 
14:55:57 **** Incremental Build of configuration Debug for project bldc ****
make -j4 all 
arm-none-eabi-size   bldc.elf 
   text	   data	    bss	    dec	    hex	filename
  49424	    840	   3728	  53992	   d2e8	bldc.elf
Finished building: default.size.stdout
 
14:58:17 **** Incremental Build of configuration Debug for project bldc ****
make -j4 all 
arm-none-eabi-size   bldc.elf 
   text	   data	    bss	    dec	    hex	filename
  49424	    840	   3728	  53992	   d2e8	bldc.elf
Finished building: default.size.stdout
 
15:18:18 **** Incremental Build of configuration Debug for project bldc ****
make -j4 all 
arm-none-eabi-size   bldc.elf 
   text	   data	    bss	    dec	    hex	filename
  49424	    840	   3728	  53992	   d2e8	bldc.elf
Finished building: default.size.stdout
 
15:19:27 **** Incremental Build of configuration Debug for project bldc ****
make -j4 all 
arm-none-eabi-size   bldc.elf 
   text	   data	    bss	    dec	    hex	filename
  49424	    840	   3728	  53992	   d2e8	bldc.elf
Finished building: default.size.stdout
 
